Spawned child process 46957
Process 46957 exited: 0
Spawned child process 46974
Process 46974 exited: 71
