kill: illegal process id: $PPID
bash: line 1: still: command not found
